// Jest Snapshot v1, https://goo.gl/fbAQLP

exports[`should render ExpenseDashboardPage correctly 1`] = `
<div>
  <h1>
    Expenses Dashboard 
  </h1>
  <Connect(ExpenseListFilter) />
  <Connect(ExpenseList) />
</div>
`;
