// Jest Snapshot v1, https://goo.gl/fbAQLP

exports[`should render header correctly 1`] = `
<header>
  <h1>
    Expensify
  </h1>
  <h2>
    <NavLink
      activeClassName="is-active"
      exact={true}
      to="/"
    >
      Home
    </NavLink>
  </h2>
  <h2>
    <NavLink
      activeClassName="is-active"
      to="/create"
    >
      Create
    </NavLink>
  </h2>
  <h2>
    <NavLink
      activeClassName="is-active"
      to="/help"
    >
      Help
    </NavLink>
  </h2>
  <button>
    logout
  </button>
</header>
`;
